               _
   _       _ _(_)_     |  A fresh approach to technical computing
  (_)     | (_) (_)    |  Documentation: http://docs.julialang.org
   _ _   _| |_  __ _   |  Type "help()" for help.
  | | | | | | |/ _` |  |
  | | |_| | | | (_| |  |  Version 0.4.0-dev+3825 (2015-03-14 23:55 UTC)
 _/ |\__'_|_|_|\__'_|  |  Commit 8cb0c50* (0 days old master)
|__/                   |  x86_64-apple-darwin14.1.0

