This is a very very very very very very very very very very very very very very 
very long line that the terminal should wrap!
